// Jest Snapshot v1, https://goo.gl/fbAQLP

exports[`components/DefaultSpinner test DefaultSpinner component 1`] = `
<ActivityIndicator
  animating={true}
  color="#f88400"
  hidesWhenStopped={true}
  size="large"
/>
`;
